-----------------------------------------
cache size = 1024
block size = 64
#blocks = 16
#sets = 4
associativity = 4
memory_size_bits = 16
tag length = 8
write through
-----------------------------------------

read miss [addr=0 index=0 block_index=0 tag=0: word=0 (0 - 63)]
[ -1 -1 -1 0 ]
address = 0; word = 0

write through: write 0 to mem[0]
read miss [addr=13432 index=1 block_index=0 tag=52: word=13432 (13376 - 13439)]
[ -1 -1 -1 52 ]
address = 13432; word = 13432

write through: write 13432 to mem[56]
read hit [addr=13388 index=1 block_index=0 tag=52: word=13388 (13376 - 13439)]
[ -1 -1 -1 52 ]
address = 13388; word = 13388

write through: write 13388 to mem[12]
read miss [addr=62540 index=1 block_index=1 tag=244: word=62540 (62528 - 62591)]
[ -1 -1 52 244 ]
address = 62540; word = 62540

write through: write 62540 to mem[12]
read hit [addr=4 index=0 block_index=0 tag=0: word=4 (0 - 63)]
[ -1 -1 -1 0 ]
address = 4; word = 4

write through: write 4 to mem[4]
read miss [addr=16452 index=1 block_index=2 tag=64: word=16452 (16448 - 16511)]
[ -1 52 244 64 ]
address = 16452; word = 16452

write through: write 16452 to mem[4]
read miss [addr=32900 index=2 block_index=0 tag=128: word=32900 (32896 - 32959)]
[ -1 -1 -1 128 ]
address = 32900; word = 32900

write through: write 32900 to mem[4]
read miss [addr=49348 index=3 block_index=0 tag=192: word=49348 (49344 - 49407)]
[ -1 -1 -1 192 ]
address = 49348; word = 49348

write through: write 49348 to mem[4]
read miss [addr=260 index=0 block_index=1 tag=1: word=260 (256 - 319)]
[ -1 -1 0 1 ]
address = 260; word = 260

write through: write 260 to mem[4]
read miss [addr=16708 index=1 block_index=3 tag=65: word=16708 (16704 - 16767)]
[ 52 244 64 65 ]
address = 16708; word = 16708

write through: write 16708 to mem[4]
read miss [addr=33156 index=2 block_index=1 tag=129: word=33156 (33152 - 33215)]
[ -1 -1 128 129 ]
address = 33156; word = 33156

write through: write 33156 to mem[4]
read miss [addr=49604 index=3 block_index=1 tag=193: word=49604 (49600 - 49663)]
[ -1 -1 192 193 ]
address = 49604; word = 49604

write through: write 49604 to mem[4]
read miss [addr=516 index=0 block_index=2 tag=2: word=516 (512 - 575)]
[ -1 0 1 2 ]
address = 516; word = 516

write through: write 516 to mem[4]
