-----------------------------------------
cache size = 1024
block size = 64
#blocks = 16
#sets = 4
associativity = 4
memory_size_bits = 16
tag length = 8
write through
-----------------------------------------

read miss [addr=46916 index=1 block_index=0 tag=183: word=46916 (46912 - 46975)]
[ -1 -1 -1 183 ]
address = 46916; word = 46916

write through: write 46916 to mem[4]
read hit [addr=46932 index=1 block_index=0 tag=183: word=46932 (46912 - 46975)]
[ -1 -1 -1 183 ]
address = 46932; word = 46932

write through: write 46932 to mem[20]
read miss [addr=12936 index=2 block_index=0 tag=50: word=12936 (12928 - 12991)]
[ -1 -1 -1 50 ]
address = 12936; word = 12936

write through: write 12936 to mem[8]
read miss [addr=13964 index=2 block_index=1 tag=54: word=13964 (13952 - 14015)]
[ -1 -1 50 54 ]
address = 13964; word = 13964

write through: write 13964 to mem[12]
write hit [addr=46956 index=1 block_index=0 tag=183: word=40 (46912 - 46975)]
[ -1 -1 -1 183 ]

write through: write 40 to mem[44]
read hit [addr=46956 index=1 block_index=0 tag=183: word=40 (46912 - 46975)]
[ -1 -1 -1 183 ]
address = 46956; word = 40

write through: write 40 to mem[44]
read miss [addr=56132 index=1 block_index=1 tag=219: word=56132 (56128 - 56191)]
[ -1 -1 183 219 ]
address = 56132; word = 56132

write through: write 56132 to mem[4]
